python -m pdb charges_calc.py -i source.json -o out.json
> /home/joelrhode/Python220/SP_Python220B_2019/students/joel_rhode/lesson_2/assignment/charges_calc.py(3)<module>()
-> '''
(Pdb) ll
  1     '''
  2     Returns total price paid for individual rentals
  3  -> '''
  4     import argparse
  5     import json
  6     import datetime
  7     import math
  8
  9     def parse_cmd_arguments():
 10         parser = argparse.ArgumentParser(description='Process some integers.')
 11         parser.add_argument('-i', '--input', help='input JSON file', required=True)
 12         parser.add_argument('-o', '--output', help='output JSON file', required=True)
 13
 14         return parser.parse_args()
 15
 16
 17     def load_rentals_file(filename):
 18         with open(filename) as file:
 19             try:
 20                 data = json.load(file)
 21             except:
 22                 exit(0)
 23         return data
 24
 25     def calculate_additional_fields(data):
 26         for value in data.values():
 27             try:
 28                 rental_start = datetime.datetime.strptime(value['rental_start'], '%m/%d/%y')
 29                 rental_end = datetime.datetime.strptime(value['rental_end'], '%m/%d/%y')
 30                 value['total_days'] = (rental_end - rental_start).days
 31                 value['total_price'] = value['total_days'] * value['price_per_day']
 32                 value['sqrt_total_price'] = math.sqrt(value['total_price'])
 33                 value['unit_cost'] = value['total_price'] / value['units_rented']
 34             except:
 35                 exit(0)
 36
 37         return data
 38
 39     def save_to_json(filename, data):
 40         with open(filename, 'w') as file:
 41             json.dump(data, file)
 42
 43     if __name__ == "__main__":
 44         args = parse_cmd_arguments()
 45         data = load_rentals_file(args.input)
 46         data = calculate_additional_fields(data)
 47         save_to_json(args.output, data)
(Pdb) b 45
Breakpoint 1 at /home/joelrhode/Python220/SP_Python220B_2019/students/joel_rhode/lesson_2/assignment/charges_calc.py:45
(Pdb) c
> /home/joelrhode/Python220/SP_Python220B_2019/students/joel_rhode/lesson_2/assignment/charges_calc.py(45)<module>()
-> data = load_rentals_file(args.input)
(Pdb) s
--Call--
> /home/joelrhode/Python220/SP_Python220B_2019/students/joel_rhode/lesson_2/assignment/charges_calc.py(17)load_rentals_file()
-> def load_rentals_file(filename):
(Pdb) n
> /home/joelrhode/Python220/SP_Python220B_2019/students/joel_rhode/lesson_2/assignment/charges_calc.py(18)load_rentals_file()
-> with open(filename) as file:
(Pdb) n
> /home/joelrhode/Python220/SP_Python220B_2019/students/joel_rhode/lesson_2/assignment/charges_calc.py(19)load_rentals_file()
-> try:
(Pdb) n
> /home/joelrhode/Python220/SP_Python220B_2019/students/joel_rhode/lesson_2/assignment/charges_calc.py(20)load_rentals_file()
-> data = json.load(file)
(Pdb) n
> /home/joelrhode/Python220/SP_Python220B_2019/students/joel_rhode/lesson_2/assignment/charges_calc.py(23)load_rentals_file()
-> return data
(Pdb) n
--Return--
> /home/joelrhode/Python220/SP_Python220B_2019/students/joel_rhode/lesson_2/assignment/charges_calc.py(23)load_rentals_file()->{'RNT001': {'price_per_day': 31, 'product_code': 'PRD80', 'rental_end': '3/22/17', 'rental_start': '6/12/17', ...}, 'RNT002': {'price_per_day': 16, 'product_code': 'PRD11', 'rental_end': '9/30/18', 'rental_start': '7/20/16', ...}, 'RNT003': {'price_per_day': 40, 'product_code': 'PRD22', 'rental_end': '6/4/17', 'rental_start': '2/1/16', ...}, 'RNT004': {'price_per_day': 40, 'product_code': 'PRD86', 'rental_end': '12/7/17', 'rental_start': '8/14/16', ...}, ...}
-> return data
(Pdb) n
> /home/joelrhode/Python220/SP_Python220B_2019/students/joel_rhode/lesson_2/assignment/charges_calc.py(46)<module>()
-> data = calculate_additional_fields(data)
(Pdb) s
--Call--
> /home/joelrhode/Python220/SP_Python220B_2019/students/joel_rhode/lesson_2/assignment/charges_calc.py(25)calculate_additional_fields()
-> def calculate_additional_fields(data):
(Pdb) n
> /home/joelrhode/Python220/SP_Python220B_2019/students/joel_rhode/lesson_2/assignment/charges_calc.py(26)calculate_additional_fields()
-> for value in data.values():
(Pdb) n
> /home/joelrhode/Python220/SP_Python220B_2019/students/joel_rhode/lesson_2/assignment/charges_calc.py(27)calculate_additional_fields()
-> try:
(Pdb) n
> /home/joelrhode/Python220/SP_Python220B_2019/students/joel_rhode/lesson_2/assignment/charges_calc.py(28)calculate_additional_fields()
-> rental_start = datetime.datetime.strptime(value['rental_start'], '%m/%d/%y')
(Pdb) n
> /home/joelrhode/Python220/SP_Python220B_2019/students/joel_rhode/lesson_2/assignment/charges_calc.py(29)calculate_additional_fields()
-> rental_end = datetime.datetime.strptime(value['rental_end'], '%m/%d/%y')
(Pdb) n
> /home/joelrhode/Python220/SP_Python220B_2019/students/joel_rhode/lesson_2/assignment/charges_calc.py(30)calculate_additional_fields()
-> value['total_days'] = (rental_end - rental_start).days
(Pdb) n
> /home/joelrhode/Python220/SP_Python220B_2019/students/joel_rhode/lesson_2/assignment/charges_calc.py(31)calculate_additional_fields()
-> value['total_price'] = value['total_days'] * value['price_per_day']
(Pdb) pp rental_start, rental_end, value['total_days']
(datetime.datetime(2016, 10, 30, 0, 0),
 datetime.datetime(2017, 3, 13, 0, 0),
 134)
(Pdb) n
> /home/joelrhode/Python220/SP_Python220B_2019/students/joel_rhode/lesson_2/assignment/charges_calc.py(32)calculate_additional_fields()
-> value['sqrt_total_price'] = math.sqrt(value['total_price'])
(Pdb) n
> /home/joelrhode/Python220/SP_Python220B_2019/students/joel_rhode/lesson_2/assignment/charges_calc.py(33)calculate_additional_fields()
-> value['unit_cost'] = value['total_price'] / value['units_rented']
(Pdb) n
> /home/joelrhode/Python220/SP_Python220B_2019/students/joel_rhode/lesson_2/assignment/charges_calc.py(26)calculate_additional_fields()
-> for value in data.values():
(Pdb) n
> /home/joelrhode/Python220/SP_Python220B_2019/students/joel_rhode/lesson_2/assignment/charges_calc.py(27)calculate_additional_fields()
-> try:
(Pdb) n
> /home/joelrhode/Python220/SP_Python220B_2019/students/joel_rhode/lesson_2/assignment/charges_calc.py(28)calculate_additional_fields()
-> rental_start = datetime.datetime.strptime(value['rental_start'], '%m/%d/%y')
(Pdb) n
> /home/joelrhode/Python220/SP_Python220B_2019/students/joel_rhode/lesson_2/assignment/charges_calc.py(29)calculate_additional_fields()
-> rental_end = datetime.datetime.strptime(value['rental_end'], '%m/%d/%y')
(Pdb) n
> /home/joelrhode/Python220/SP_Python220B_2019/students/joel_rhode/lesson_2/assignment/charges_calc.py(30)calculate_additional_fields()
-> value['total_days'] = (rental_end - rental_start).days
(Pdb) n
> /home/joelrhode/Python220/SP_Python220B_2019/students/joel_rhode/lesson_2/assignment/charges_calc.py(31)calculate_additional_fields()
-> value['total_price'] = value['total_days'] * value['price_per_day']
(Pdb) pp rental_start, rental_end, value['total_days']
(datetime.datetime(2018, 4, 14, 0, 0),
 datetime.datetime(2016, 2, 15, 0, 0),
 -789)
(Pdb) n
> /home/joelrhode/Python220/SP_Python220B_2019/students/joel_rhode/lesson_2/assignment/charges_calc.py(32)calculate_additional_fields()
-> value['sqrt_total_price'] = math.sqrt(value['total_price'])
(Pdb) n
ValueError: math domain error
> /home/joelrhode/Python220/SP_Python220B_2019/students/joel_rhode/lesson_2/assignment/charges_calc.py(32)calculate_additional_fields()
-> value['sqrt_total_price'] = math.sqrt(value['total_price'])
(Pdb) n
> /home/joelrhode/Python220/SP_Python220B_2019/students/joel_rhode/lesson_2/assignment/charges_calc.py(34)calculate_additional_fields()
-> except:
(Pdb) n
> /home/joelrhode/Python220/SP_Python220B_2019/students/joel_rhode/lesson_2/assignment/charges_calc.py(35)calculate_additional_fields()
-> exit(0)
(Pdb) n
SystemExit: 0
> /home/joelrhode/Python220/SP_Python220B_2019/students/joel_rhode/lesson_2/assignment/charges_calc.py(35)calculate_additional_fields()
-> exit(0)
(Pdb) Traceback (most recent call last):
  File "/home/joelrhode/Python220/SP_Python220B_2019/students/joel_rhode/lesson_2/assignment/charges_calc.py", line 32, in calculate_additional_fields
    value['sqrt_total_price'] = math.sqrt(value['total_price'])
ValueError: math domain error

During handling of the above exception, another exception occurred:

Traceback (most recent call last):
  File "/usr/lib/python3.5/pdb.py", line 1665, in main
    pdb._runscript(mainpyfile)
  File "/usr/lib/python3.5/pdb.py", line 1546, in _runscript
    self.run(statement)
  File "/usr/lib/python3.5/bdb.py", line 431, in run
    exec(cmd, globals, locals)
  File "<string>", line 1, in <module>
  File "/home/joelrhode/Python220/SP_Python220B_2019/students/joel_rhode/lesson_2/assignment/charges_calc.py", line 46, in <module>
    data = calculate_additional_fields(data)
  File "/home/joelrhode/Python220/SP_Python220B_2019/students/joel_rhode/lesson_2/assignment/charges_calc.py", line 35, in calculate_additional_fields
    exit(0)
  File "/usr/lib/python3.5/bdb.py", line 54, in trace_dispatch
    return self.dispatch_exception(frame, arg)
  File "/usr/lib/python3.5/bdb.py", line 109, in dispatch_exception
    self.user_exception(frame, arg)
  File "/usr/lib/python3.5/pdb.py", line 310, in user_exception
    self.interaction(frame, exc_traceback)
  File "/usr/lib/python3.5/pdb.py", line 350, in interaction
    self._cmdloop()
  File "/usr/lib/python3.5/pdb.py", line 319, in _cmdloop
    self.cmdloop()
  File "/usr/lib/python3.5/cmd.py", line 126, in cmdloop
    line = input(self.prompt)
ValueError: I/O operation on closed file.
Uncaught exception. Entering post mortem debugging
Running 'cont' or 'step' will restart the program
> /usr/lib/python3.5/cmd.py(126)cmdloop()
-> line = input(self.prompt)
(Pdb) Traceback (most recent call last):
  File "/home/joelrhode/Python220/SP_Python220B_2019/students/joel_rhode/lesson_2/assignment/charges_calc.py", line 32, in calculate_additional_fields
    value['sqrt_total_price'] = math.sqrt(value['total_price'])
ValueError: math domain error

During handling of the above exception, another exception occurred:

Traceback (most recent call last):
  File "/usr/lib/python3.5/pdb.py", line 1665, in main
    pdb._runscript(mainpyfile)
  File "/usr/lib/python3.5/pdb.py", line 1546, in _runscript
    self.run(statement)
  File "/usr/lib/python3.5/bdb.py", line 431, in run
    exec(cmd, globals, locals)
  File "<string>", line 1, in <module>
  File "/home/joelrhode/Python220/SP_Python220B_2019/students/joel_rhode/lesson_2/assignment/charges_calc.py", line 46, in <module>
    data = calculate_additional_fields(data)
  File "/home/joelrhode/Python220/SP_Python220B_2019/students/joel_rhode/lesson_2/assignment/charges_calc.py", line 35, in calculate_additional_fields
    exit(0)
  File "/usr/lib/python3.5/bdb.py", line 54, in trace_dispatch
    return self.dispatch_exception(frame, arg)
  File "/usr/lib/python3.5/bdb.py", line 109, in dispatch_exception
    self.user_exception(frame, arg)
  File "/usr/lib/python3.5/pdb.py", line 310, in user_exception
    self.interaction(frame, exc_traceback)
  File "/usr/lib/python3.5/pdb.py", line 350, in interaction
    self._cmdloop()
  File "/usr/lib/python3.5/pdb.py", line 319, in _cmdloop
    self.cmdloop()
  File "/usr/lib/python3.5/cmd.py", line 126, in cmdloop
    line = input(self.prompt)
ValueError: I/O operation on closed file.

During handling of the above exception, another exception occurred:

Traceback (most recent call last):
  File "/usr/lib/python3.5/runpy.py", line 193, in _run_module_as_main
    "__main__", mod_spec)
  File "/usr/lib/python3.5/runpy.py", line 85, in _run_code
    exec(code, run_globals)
  File "/usr/lib/python3.5/pdb.py", line 1692, in <module>
    pdb.main()
  File "/usr/lib/python3.5/pdb.py", line 1684, in main
    pdb.interaction(None, t)
  File "/usr/lib/python3.5/pdb.py", line 350, in interaction
    self._cmdloop()
  File "/usr/lib/python3.5/pdb.py", line 319, in _cmdloop
    self.cmdloop()
  File "/usr/lib/python3.5/cmd.py", line 126, in cmdloop
    line = input(self.prompt)
ValueError: I/O operation on closed file.