### Certain items have a return date that is before their starting date, resulting in a negative 'total days' ###

$ python -m pdb charges_calc.py -i source.json -o outsource.json
> d:\uw\py220\examples and assignments\lesson02\assignment\charges_calc.py(3)<module>()
-> '''
(Pdb) n
> d:\uw\py220\examples and assignments\lesson02\assignment\charges_calc.py(4)<module>()
-> import argparse
(Pdb) n
> d:\uw\py220\examples and assignments\lesson02\assignment\charges_calc.py(5)<module>()
-> import json
(Pdb) n
> d:\uw\py220\examples and assignments\lesson02\assignment\charges_calc.py(6)<module>()
-> import datetime
(Pdb) n
> d:\uw\py220\examples and assignments\lesson02\assignment\charges_calc.py(7)<module>()
-> import math
(Pdb) n
> d:\uw\py220\examples and assignments\lesson02\assignment\charges_calc.py(9)<module>()
-> def parse_cmd_arguments():
(Pdb) n
> d:\uw\py220\examples and assignments\lesson02\assignment\charges_calc.py(17)<module>()
-> def load_rentals_file(filename):
(Pdb) n
> d:\uw\py220\examples and assignments\lesson02\assignment\charges_calc.py(25)<module>()
-> def calculate_additional_fields(data):
(Pdb) n
> d:\uw\py220\examples and assignments\lesson02\assignment\charges_calc.py(39)<module>()
-> def save_to_json(filename, data):
(Pdb) n
> d:\uw\py220\examples and assignments\lesson02\assignment\charges_calc.py(43)<module>()
-> if __name__ == "__main__":
(Pdb) n
> d:\uw\py220\examples and assignments\lesson02\assignment\charges_calc.py(44)<module>()
-> args = parse_cmd_arguments()
(Pdb) n
> d:\uw\py220\examples and assignments\lesson02\assignment\charges_calc.py(45)<module>()
-> data = load_rentals_file(args.input)
(Pdb) n
> d:\uw\py220\examples and assignments\lesson02\assignment\charges_calc.py(46)<module>()
-> data = calculate_additional_fields(data)
(Pdb) s
--Call--
> d:\uw\py220\examples and assignments\lesson02\assignment\charges_calc.py(25)calculate_additional_fields()
-> def calculate_additional_fields(data):
(Pdb) n
> d:\uw\py220\examples and assignments\lesson02\assignment\charges_calc.py(26)calculate_additional_fields()
-> for value in data.values():
(Pdb) n
> d:\uw\py220\examples and assignments\lesson02\assignment\charges_calc.py(27)calculate_additional_fields()
-> try:
(Pdb) n
> d:\uw\py220\examples and assignments\lesson02\assignment\charges_calc.py(28)calculate_additional_fields()
-> rental_start = datetime.datetime.strptime(value['rental_start'], '%m/%d/%y')
(Pdb) n
> d:\uw\py220\examples and assignments\lesson02\assignment\charges_calc.py(29)calculate_additional_fields()
-> rental_end = datetime.datetime.strptime(value['rental_end'], '%m/%d/%y')
(Pdb) pp rental_start
datetime.datetime(2017, 6, 12, 0, 0)
(Pdb) n
> d:\uw\py220\examples and assignments\lesson02\assignment\charges_calc.py(30)calculate_additional_fields()
-> value['total_days'] = (rental_end - rental_start).days
(Pdb) pp rental_end
datetime.datetime(2017, 3, 22, 0, 0)
(Pdb) n
> d:\uw\py220\examples and assignments\lesson02\assignment\charges_calc.py(31)calculate_additional_fields()
-> value['total_price'] = value['total_days'] * value['price_per_day']
(Pdb) pp value['total_days']
-82
(Pdb) n
> d:\uw\py220\examples and assignments\lesson02\assignment\charges_calc.py(32)calculate_additional_fields()
-> value['sqrt_total_price'] = math.sqrt(value['total_price'])
(Pdb) n
ValueError: math domain error
> d:\uw\py220\examples and assignments\lesson02\assignment\charges_calc.py(32)calculate_additional_fields()
-> value['sqrt_total_price'] = math.sqrt(value['total_price'])
(Pdb) n
> d:\uw\py220\examples and assignments\lesson02\assignment\charges_calc.py(34)calculate_additional_fields()
-> except:
(Pdb) n
> d:\uw\py220\examples and assignments\lesson02\assignment\charges_calc.py(35)calculate_additional_fields()
-> exit(0)
(Pdb) n
SystemExit: 0
> d:\uw\py220\examples and assignments\lesson02\assignment\charges_calc.py(35)calculate_additional_fields()
-> exit(0)
(Pdb) n
--Return--
> d:\uw\py220\examples and assignments\lesson02\assignment\charges_calc.py(35)calculate_additional_fields()->None
-> exit(0)
(Pdb) n
SystemExit: 0
> d:\uw\py220\examples and assignments\lesson02\assignment\charges_calc.py(46)<module>()
-> data = calculate_additional_fields(data)
(Pdb) n
--Return--
> d:\uw\py220\examples and assignments\lesson02\assignment\charges_calc.py(46)<module>()->None
-> data = calculate_additional_fields(data)
(Pdb) n
SystemExit: 0
> <string>(1)<module>()->None
(Pdb) n
--Return--
> <string>(1)<module>()->None
(Pdb) n
The program exited via sys.exit(). Exit status: 0


---------------------------------------------------------------------------------