Error occurs at function calculate_additional_fields() where it calculates the square root of the total cost of the rental for statistical purposes.
The math.sqrt() function expects a positive number for total_price but instead getting a negative number.
This is due to the invalid input data that rental end date is less than rental start date.

Below is my debugging log:
namvo@Nams-MacBook-Pro code % python3 -m pdb charges_calc.py -i source.json -o output.json
> /Users/namvo/Desktop/UW/Python Programming Certificate/Python 220 - Advanced Programming in Python /Assignment/SP_Python220B_2019/students/nam_vo/lesson02/assignm
ent/code/charges_calc.py(3)<module>()
-> '''
(Pdb) b 50
Breakpoint 1 at /Users/namvo/Desktop/UW/Python Programming Certificate/Python 220 - Advanced Programming in Python /Assignment/SP_Python220B_2019/students/nam_vo/le
sson02/assignment/code/charges_calc.py:50
(Pdb) c
> /Users/namvo/Desktop/UW/Python Programming Certificate/Python 220 - Advanced Programming in Python /Assignment/SP_Python220B_2019/students/nam_vo/lesson02/assignm
ent/code/charges_calc.py(50)calculate_additional_fields()
-> pass
(Pdb) pp value
{'price_per_day': 31,
 'product_code': 'PRD80',
 'rental_end': '3/22/17',
 'rental_start': '6/12/17',
 'total_days': -82,
 'total_price': -2542,
 'units_rented': 8}
(Pdb) c
> /Users/namvo/Desktop/UW/Python Programming Certificate/Python 220 - Advanced Programming in Python /Assignment/SP_Python220B_2019/students/nam_vo/lesson02/assignment/code/charges_calc.py(50)calculate_additional_fields()
-> pass
(Pdb) pp value
{'price_per_day': 20,
 'product_code': 'PRD51',
 'rental_end': '7/29/18',
 'rental_start': '8/26/18',
 'total_days': -28,
 'total_price': -560,
 'units_rented': 8}
(Pdb) 